Running: /home/yzy/core/ise/14.7/ISE_DS/ISE/bin/lin64/unwrapped/fuse -intstyle ise -incremental -lib unisims_ver -lib unimacro_ver -lib xilinxcorelib_ver -o /home/yzy/code/ElectronicTestingandExperimentalTechnology/E8/Experiment/led/test_isim_beh.exe -prj /home/yzy/code/ElectronicTestingandExperimentalTechnology/E8/Experiment/led/test_beh.prj work.test work.glbl 
ISim P.20131013 (signature 0xfbc00daa)
Number of CPUs detected in this system: 16
Turning on mult-threading, number of parallel sub-compilation jobs: 32 
Determining compilation order of HDL files
Analyzing Verilog file "/home/yzy/code/ElectronicTestingandExperimentalTechnology/E8/Experiment/led/led.v" into library work
Analyzing Verilog file "/home/yzy/code/ElectronicTestingandExperimentalTechnology/E8/Experiment/led/test.v" into library work
Analyzing Verilog file "/home/yzy/core/ise/14.7/ISE_DS/ISE//verilog/src/glbl.v" into library work
Starting static elaboration
Completed static elaboration
Fuse Memory Usage: 82684 KB
Fuse CPU Usage: 550 ms
Compiling module led
Compiling module test
Compiling module glbl
Time Resolution for simulation is 1ps.
Waiting for 1 sub-compilation(s) to finish...
Compiled 3 Verilog Units
Built simulation executable /home/yzy/code/ElectronicTestingandExperimentalTechnology/E8/Experiment/led/test_isim_beh.exe
Fuse Memory Usage: 2215724 KB
Fuse CPU Usage: 570 ms
GCC CPU Usage: 240 ms
