#! /usr/bin/vvp
:ivl_version "12.0 (stable)";
:ivl_delay_selection "TYPICAL";
:vpi_time_precision - 9;
:vpi_module "/usr/lib/x86_64-linux-gnu/ivl/system.vpi";
:vpi_module "/usr/lib/x86_64-linux-gnu/ivl/vhdl_sys.vpi";
:vpi_module "/usr/lib/x86_64-linux-gnu/ivl/vhdl_textio.vpi";
:vpi_module "/usr/lib/x86_64-linux-gnu/ivl/v2005_math.vpi";
:vpi_module "/usr/lib/x86_64-linux-gnu/ivl/va_math.vpi";
:vpi_module "/usr/lib/x86_64-linux-gnu/ivl/v2009.vpi";
S_0x5562c3f72ab0 .scope package, "$unit" "$unit" 2 1;
 .timescale 0 0;
S_0x5562c3f72c40 .scope module, "tb_decimal_counter" "tb_decimal_counter" 3 3;
 .timescale -6 -9;
v0x5562c3f8c220_0 .var "clk", 0 0;
v0x5562c3f8c2e0_0 .net "clr_n", 0 0, L_0x5562c3f8d550;  1 drivers
v0x5562c3f8c380_0 .net "decode_10", 0 0, L_0x5562c3f8d340;  1 drivers
v0x5562c3f8c420_0 .var "en", 0 0;
v0x5562c3f8c4c0_0 .var "ext_clr_n", 0 0;
v0x5562c3f8c560_0 .net "q", 3 0, v0x5562c3f8c080_0;  1 drivers
v0x5562c3f8c630_0 .net "q0", 0 0, L_0x5562c3f8c8b0;  1 drivers
v0x5562c3f8c6d0_0 .net "q1", 0 0, L_0x5562c3f8c980;  1 drivers
v0x5562c3f8c770_0 .net "q2", 0 0, L_0x5562c3f8ca20;  1 drivers
v0x5562c3f8c810_0 .net "q3", 0 0, L_0x5562c3f8cb80;  1 drivers
L_0x5562c3f8c8b0 .part v0x5562c3f8c080_0, 0, 1;
L_0x5562c3f8c980 .part v0x5562c3f8c080_0, 1, 1;
L_0x5562c3f8ca20 .part v0x5562c3f8c080_0, 2, 1;
L_0x5562c3f8cb80 .part v0x5562c3f8c080_0, 3, 1;
S_0x5562c3f37490 .scope module, "dut" "decimal_counter" 3 18, 4 5 0, S_0x5562c3f72c40;
 .timescale -6 -9;
    .port_info 0 /INPUT 1 "clk";
    .port_info 1 /INPUT 1 "ext_clr_n";
    .port_info 2 /INPUT 1 "en";
    .port_info 3 /OUTPUT 4 "q";
    .port_info 4 /OUTPUT 1 "decode_10";
    .port_info 5 /OUTPUT 1 "clr_n";
L_0x5562c3f8ce20 .functor NOT 1, L_0x5562c3f8cd50, C4<0>, C4<0>, C4<0>;
L_0x5562c3f8cec0 .functor AND 1, L_0x5562c3f8cc80, L_0x5562c3f8ce20, C4<1>, C4<1>;
L_0x5562c3f8d070 .functor AND 1, L_0x5562c3f8cec0, L_0x5562c3f8cfd0, C4<1>, C4<1>;
L_0x5562c3f8d250 .functor NOT 1, L_0x5562c3f8d180, C4<0>, C4<0>, C4<0>;
L_0x5562c3f8d340 .functor AND 1, L_0x5562c3f8d070, L_0x5562c3f8d250, C4<1>, C4<1>;
L_0x5562c3f8d4a0 .functor NOT 1, L_0x5562c3f8d340, C4<0>, C4<0>, C4<0>;
L_0x5562c3f8d550/d .functor AND 1, v0x5562c3f8c4c0_0, L_0x5562c3f8d4a0, C4<1>, C4<1>;
L_0x5562c3f8d550 .delay 1 (2000,2000,2000) L_0x5562c3f8d550/d;
v0x5562c3f37670_0 .net *"_ivl_1", 0 0, L_0x5562c3f8cc80;  1 drivers
v0x5562c3f8b590_0 .net *"_ivl_10", 0 0, L_0x5562c3f8d070;  1 drivers
v0x5562c3f8b670_0 .net *"_ivl_13", 0 0, L_0x5562c3f8d180;  1 drivers
v0x5562c3f8b730_0 .net *"_ivl_14", 0 0, L_0x5562c3f8d250;  1 drivers
v0x5562c3f8b810_0 .net *"_ivl_18", 0 0, L_0x5562c3f8d4a0;  1 drivers
v0x5562c3f8b940_0 .net *"_ivl_3", 0 0, L_0x5562c3f8cd50;  1 drivers
v0x5562c3f8ba20_0 .net *"_ivl_4", 0 0, L_0x5562c3f8ce20;  1 drivers
v0x5562c3f8bb00_0 .net *"_ivl_6", 0 0, L_0x5562c3f8cec0;  1 drivers
v0x5562c3f8bbe0_0 .net *"_ivl_9", 0 0, L_0x5562c3f8cfd0;  1 drivers
v0x5562c3f8bcc0_0 .net "clk", 0 0, v0x5562c3f8c220_0;  1 drivers
v0x5562c3f8bd80_0 .net "clr_n", 0 0, L_0x5562c3f8d550;  alias, 1 drivers
v0x5562c3f8be40_0 .net "decode_10", 0 0, L_0x5562c3f8d340;  alias, 1 drivers
v0x5562c3f8bf00_0 .net "en", 0 0, v0x5562c3f8c420_0;  1 drivers
v0x5562c3f8bfc0_0 .net "ext_clr_n", 0 0, v0x5562c3f8c4c0_0;  1 drivers
v0x5562c3f8c080_0 .var "q", 3 0;
E_0x5562c3f70850/0 .event negedge, v0x5562c3f8bd80_0;
E_0x5562c3f70850/1 .event posedge, v0x5562c3f8bcc0_0;
E_0x5562c3f70850 .event/or E_0x5562c3f70850/0, E_0x5562c3f70850/1;
L_0x5562c3f8cc80 .part v0x5562c3f8c080_0, 3, 1;
L_0x5562c3f8cd50 .part v0x5562c3f8c080_0, 2, 1;
L_0x5562c3f8cfd0 .part v0x5562c3f8c080_0, 1, 1;
L_0x5562c3f8d180 .part v0x5562c3f8c080_0, 0, 1;
    .scope S_0x5562c3f37490;
T_0 ;
    %wait E_0x5562c3f70850;
    %load/vec4 v0x5562c3f8bd80_0;
    %nor/r;
    %flag_set/vec4 8;
    %jmp/0xz  T_0.0, 8;
    %pushi/vec4 0, 0, 4;
    %assign/vec4 v0x5562c3f8c080_0, 0;
    %jmp T_0.1;
T_0.0 ;
    %load/vec4 v0x5562c3f8bf00_0;
    %flag_set/vec4 8;
    %jmp/0xz  T_0.2, 8;
    %load/vec4 v0x5562c3f8c080_0;
    %addi 1, 0, 4;
    %assign/vec4 v0x5562c3f8c080_0, 0;
T_0.2 ;
T_0.1 ;
    %jmp T_0;
    .thread T_0;
    .scope S_0x5562c3f72c40;
T_1 ;
    %pushi/vec4 0, 0, 1;
    %store/vec4 v0x5562c3f8c220_0, 0, 1;
    %pushi/vec4 1, 0, 1;
    %store/vec4 v0x5562c3f8c4c0_0, 0, 1;
    %pushi/vec4 1, 0, 1;
    %store/vec4 v0x5562c3f8c420_0, 0, 1;
    %end;
    .thread T_1, $init;
    .scope S_0x5562c3f72c40;
T_2 ;
    %delay 500000, 0;
    %load/vec4 v0x5562c3f8c220_0;
    %inv;
    %store/vec4 v0x5562c3f8c220_0, 0, 1;
    %jmp T_2;
    .thread T_2;
    .scope S_0x5562c3f72c40;
T_3 ;
    %vpi_call/w 3 28 "$dumpfile", "decimal_counter.vcd" {0 0 0};
    %vpi_call/w 3 29 "$dumpvars", 32'sb00000000000000000000000000000000, S_0x5562c3f72c40 {0 0 0};
    %delay 100000, 0;
    %pushi/vec4 0, 0, 1;
    %store/vec4 v0x5562c3f8c4c0_0, 0, 1;
    %delay 100000, 0;
    %pushi/vec4 1, 0, 1;
    %store/vec4 v0x5562c3f8c4c0_0, 0, 1;
    %delay 22000000, 0;
    %vpi_call/w 3 36 "$finish" {0 0 0};
    %end;
    .thread T_3;
# The file index is used to find the file name in the following table.
:file_names 5;
    "N/A";
    "<interactive>";
    "-";
    "tb_decimal_counter.v";
    "decimal_counter.v";
