\BOOKMARK [1][-]{section.1}{\376\377\133\236\232\214\124\015\171\360}{}% 1
\BOOKMARK [1][-]{section.2}{\376\377\133\236\232\214\166\356\166\204}{}% 2
\BOOKMARK [2][-]{subsection.2.1}{\376\377\226\306\142\020\220\073\217\221\225\350\165\065\215\357\123\302\145\160\155\113\213\325}{section.2}% 3
\BOOKMARK [2][-]{subsection.2.2}{\376\377\176\304\124\010\220\073\217\221\213\276\213\241\000\040}{section.2}% 4
\BOOKMARK [1][-]{section.3}{\376\377\133\236\232\214\121\103\126\150\116\366}{}% 5
\BOOKMARK [2][-]{subsection.3.1}{\376\377\226\306\142\020\220\073\217\221\225\350\165\065\215\357\123\302\145\160\155\113\213\325}{section.3}% 6
\BOOKMARK [2][-]{subsection.3.2}{\376\377\176\304\124\010\220\073\217\221\213\276\213\241\000\040}{section.3}% 7
\BOOKMARK [1][-]{section.4}{\376\377\133\236\232\214\123\237\164\006}{}% 8
\BOOKMARK [2][-]{subsection.4.1}{\376\377\226\306\142\020\220\073\217\221\225\350\165\065\215\357\123\302\145\160\155\113\213\325}{section.4}% 9
\BOOKMARK [3][-]{subsubsection.4.1.1}{\376\377\133\236\232\214\123\237\164\006\123\312\123\302\200\003\165\065\215\357}{subsection.4.1}% 10
\BOOKMARK [2][-]{subsection.4.2}{\376\377\176\304\124\010\220\073\217\221\213\276\213\241}{section.4}% 11
\BOOKMARK [3][-]{subsubsection.4.2.1}{\376\377\133\236\232\214\123\237\164\006\123\312\123\302\200\003\165\065\215\357}{subsection.4.2}% 12
\BOOKMARK [3][-]{subsubsection.4.2.2}{\376\377\176\304\124\010\220\073\217\221\165\065\215\357\166\204\213\276\213\241\155\101\172\013}{subsection.4.2}% 13
\BOOKMARK [3][-]{subsubsection.4.2.3}{\376\377\000T\000T\000L\220\073\217\221\225\350\117\177\165\050\154\350\141\017\116\213\230\171}{subsection.4.2}% 14
\BOOKMARK [3][-]{subsubsection.4.2.4}{\376\377\217\223\121\372\172\357\166\204\217\336\143\245}{subsection.4.2}% 15
\BOOKMARK [3][-]{subsubsection.4.2.5}{\376\377\217\223\121\145\172\357\166\204\217\336\143\245}{subsection.4.2}% 16
\BOOKMARK [3][-]{subsubsection.4.2.6}{\376\377\000T\000T\000L\220\073\217\221\225\350\225\362\177\156\217\223\121\145\172\357\166\204\131\004\164\006}{subsection.4.2}% 17
\BOOKMARK [3][-]{subsubsection.4.2.7}{\376\377\000C\000M\000O\000S\220\073\217\221\225\350\165\065\215\357\166\204\116\073\211\201\123\302\145\160}{subsection.4.2}% 18
\BOOKMARK [3][-]{subsubsection.4.2.8}{\376\377\000C\000M\000O\000S\225\350\165\065\215\357\166\204\117\177\165\050\211\304\122\031}{subsection.4.2}% 19
\BOOKMARK [3][-]{subsubsection.4.2.9}{\376\377\133\236\232\214\165\065\215\357}{subsection.4.2}% 20
\BOOKMARK [1][-]{section.5}{\376\377\170\154\116\366\133\236\232\214\121\205\133\271}{}% 21
\BOOKMARK [2][-]{subsection.5.1}{\376\377\226\306\142\020\220\073\217\221\225\350\165\065\215\357\123\302\145\160\155\113\213\325}{section.5}% 22
\BOOKMARK [3][-]{subsubsection.5.1.1}{\376\377\155\113\000\040\000V\000O\000H}{subsection.5.1}% 23
\BOOKMARK [3][-]{subsubsection.5.1.2}{\376\377\155\113\000\040\000V\000O\000L}{subsection.5.1}% 24
\BOOKMARK [3][-]{subsubsection.5.1.3}{\376\377\155\113\117\040\217\223\136\366\217\337\145\366\225\364\000\040\000t\000p\000d}{subsection.5.1}% 25
\BOOKMARK [2][-]{subsection.5.2}{\376\377\176\304\124\010\220\073\217\221\213\276\213\241}{section.5}% 26
\BOOKMARK [1][-]{section.6}{\376\377\170\154\116\366\133\236\232\214\176\323\147\234\122\006\147\220}{}% 27
\BOOKMARK [2][-]{subsection.6.1}{\376\377\226\306\142\020\220\073\217\221\225\350\165\065\215\357\123\302\145\160\155\113\213\325}{section.6}% 28
\BOOKMARK [3][-]{subsubsection.6.1.1}{\376\377\155\113\221\317\217\223\121\372\232\330\165\065\136\163\000\040\060\001\117\116\165\065\136\163}{subsection.6.1}% 29
\BOOKMARK [3][-]{subsubsection.6.1.2}{\376\377\155\113\221\317\225\350\117\040\217\223\136\366\217\337\145\366\225\364}{subsection.6.1}% 30
\BOOKMARK [3][-]{subsubsection.6.1.3}{\376\377\176\323\147\234\122\006\147\220}{subsection.6.1}% 31
\BOOKMARK [2][-]{subsection.6.2}{\376\377\176\304\124\010\220\073\217\221\213\276\213\241}{section.6}% 32
\BOOKMARK [3][-]{subsubsection.6.2.1}{\376\377\176\304\124\010\220\073\217\221\213\276\213\241\164\006\213\272\122\006\147\220}{subsection.6.2}% 33
\BOOKMARK [3][-]{subsubsection.6.2.2}{\376\377\133\236\232\214\176\323\147\234\116\016\122\006\147\220}{subsection.6.2}% 34
\BOOKMARK [1][-]{section.7}{\376\377\133\236\232\214\140\073\176\323}{}% 35
\BOOKMARK [2][-]{subsection.7.1}{\376\377\226\306\142\020\220\073\217\221\225\350\165\065\215\357\123\302\145\160\155\113\213\325}{section.7}% 36
\BOOKMARK [2][-]{subsection.7.2}{\376\377\176\304\124\010\220\073\217\221\213\276\213\241\000\040}{section.7}% 37
\BOOKMARK [1][-]{section.8}{\376\377\140\035\200\003\230\230}{}% 38
\BOOKMARK [2][-]{subsection.8.1}{\376\377\226\306\142\020\220\073\217\221\225\350\165\065\215\357\123\302\145\160\155\113\213\325}{section.8}% 39
\BOOKMARK [2][-]{subsection.8.2}{\376\377\176\304\124\010\220\073\217\221\213\276\213\241\000\040}{section.8}% 40
