\BOOKMARK [1][-]{section.1}{\376\377\133\236\232\214\124\015\171\360}{}% 1
\BOOKMARK [1][-]{section.2}{\376\377\133\236\232\214\166\356\166\204}{}% 2
\BOOKMARK [1][-]{section.3}{\376\377\133\236\232\214\121\103\126\150\116\366}{}% 3
\BOOKMARK [1][-]{section.4}{\376\377\230\204\116\140\211\201\154\102}{}% 4
\BOOKMARK [1][-]{section.5}{\376\377\133\236\232\214\123\237\164\006\123\312\123\302\200\003\165\065\215\357}{}% 5
\BOOKMARK [2][-]{subsection.5.1}{\376\377\133\236\232\214\123\237\164\006}{section.5}% 6
\BOOKMARK [2][-]{subsection.5.2}{\376\377\123\302\200\003\165\065\215\357}{section.5}% 7
\BOOKMARK [1][-]{section.6}{\376\377\170\154\116\366\133\236\232\214\121\205\133\271}{}% 8
\BOOKMARK [2][-]{subsection.6.1}{\376\377\213\276\213\241\217\307\172\013}{section.6}% 9
\BOOKMARK [3][-]{subsubsection.6.1.1}{\376\377\145\160\170\001\173\241\146\076\171\072}{subsection.6.1}% 10
\BOOKMARK [3][-]{subsubsection.6.1.2}{\376\377\122\006\213\241\145\366}{subsection.6.1}% 11
\BOOKMARK [3][-]{subsubsection.6.1.3}{\376\377\145\366\213\241\145\366}{subsection.6.1}% 12
\BOOKMARK [2][-]{subsection.6.2}{\376\377\165\065\215\357\123\237\164\006\126\376}{section.6}% 13
\BOOKMARK [2][-]{subsection.6.3}{\376\377\165\065\215\357\116\377\167\037\176\323\147\234}{section.6}% 14
\BOOKMARK [2][-]{subsection.6.4}{\376\377\133\236\232\214\211\201\154\102}{section.6}% 15
\BOOKMARK [1][-]{section.7}{\376\377\133\236\232\214\176\323\147\234\123\312\122\006\147\220}{}% 16
\BOOKMARK [2][-]{subsection.7.1}{\376\377\133\236\232\214\143\322\147\177\126\376}{section.7}% 17
\BOOKMARK [2][-]{subsection.7.2}{\376\377\177\373\217\154\217\307\172\013\213\260\137\125}{section.7}% 18
\BOOKMARK [2][-]{subsection.7.3}{\376\377\155\113\221\317\145\366\136\217\154\342\137\142\126\376}{section.7}% 19
\BOOKMARK [2][-]{subsection.7.4}{\376\377\133\236\232\214\176\323\147\234\122\006\147\220}{section.7}% 20
\BOOKMARK [1][-]{section.8}{\376\377\133\236\232\214\116\055\121\372\163\260\166\204\225\356\230\230\060\001\122\006\147\220\123\312\211\343\121\263\145\271\150\110}{}% 21
\BOOKMARK [1][-]{section.9}{\376\377\133\236\232\214\140\073\176\323}{}% 22
