
****** PlanAhead v14.7 (64-bit)
  **** Build 321239 by xbuild on Fri Sep 27 19:24:36 MDT 2013
    ** Copyright 1986-1999, 2001-2013 Xilinx, Inc. All Rights Reserved.

INFO: [Common 17-78] Attempting to get a license: PlanAhead
INFO: [Common 17-290] Got license for PlanAhead
INFO: [Common 17-86] Your PlanAhead license expires in -475 day(s)
INFO: [Device 21-36] Loading parts and site information from /home/yzy/core/ise/14.7/ISE_DS/PlanAhead/data/parts/arch.xml
Parsing RTL primitives file [/home/yzy/core/ise/14.7/ISE_DS/PlanAhead/data/parts/xilinx/rtl/prims/rtl_prims.xml]
Finished parsing RTL primitives file [/home/yzy/core/ise/14.7/ISE_DS/PlanAhead/data/parts/xilinx/rtl/prims/rtl_prims.xml]
start_gui
source /home/yzy/code/ElectronicTestingandExperimentalTechnology/E8/Experiment/led/pa.fromNetlist.tcl
# create_project -name led -dir "/home/yzy/code/ElectronicTestingandExperimentalTechnology/E8/Experiment/led/planAhead_run_2" -part xc3s100ecp132-4
# set_property design_mode GateLvl [get_property srcset [current_run -impl]]
# set_property edif_top_file "/home/yzy/code/ElectronicTestingandExperimentalTechnology/E8/Experiment/led/led.ngc" [ get_property srcset [ current_run ] ]
# add_files -norecurse { {/home/yzy/code/ElectronicTestingandExperimentalTechnology/E8/Experiment/led} }
# set_param project.pinAheadLayout  yes
# set_property target_constrs_file "led.ucf" [current_fileset -constrset]
Adding file '/home/yzy/code/ElectronicTestingandExperimentalTechnology/E8/Experiment/led/led.ucf' to fileset 'constrs_1'
# add_files [list {led.ucf}] -fileset [get_property constrset [current_run]]
# link_design
Design is defaulting to srcset: sources_1
Design is defaulting to constrset: constrs_1
Design is defaulting to project part: xc3s100ecp132-4
Release 14.7 - ngc2edif P.20131013 (lin64)
Copyright (c) 1995-2013 Xilinx, Inc.  All rights reserved.

Release 14.7 - ngc2edif P.20131013 (lin64)
Copyright (c) 1995-2013 Xilinx, Inc.  All rights reserved.
Reading design led.ngc ...
WARNING:NetListWriters:298 - No output is written to led.xncf, ignored.
Processing design ...
   Preping design's networks ...
   Preping design's macros ...
  finished :Prep
Writing EDIF netlist file led.edif ...
ngc2edif: Total memory usage is 91816 kilobytes

Parsing EDIF File [./planAhead_run_2/led.data/cache/led_ngc_61773262.edif]
Finished Parsing EDIF File [./planAhead_run_2/led.data/cache/led_ngc_61773262.edif]
INFO: [Designutils 20-910] Reading macro library /home/yzy/core/ise/14.7/ISE_DS/PlanAhead/data/./parts/xilinx/spartan3e/spartan3e/hd_int_macros.edn
Parsing EDIF File [/home/yzy/core/ise/14.7/ISE_DS/PlanAhead/data/./parts/xilinx/spartan3e/spartan3e/hd_int_macros.edn]
Finished Parsing EDIF File [/home/yzy/core/ise/14.7/ISE_DS/PlanAhead/data/./parts/xilinx/spartan3e/spartan3e/hd_int_macros.edn]
Loading clock regions from /home/yzy/core/ise/14.7/ISE_DS/PlanAhead/data/parts/xilinx/spartan3e/spartan3e/xc3s100e/ClockRegion.xml
Loading clock buffers from /home/yzy/core/ise/14.7/ISE_DS/PlanAhead/data/parts/xilinx/spartan3e/spartan3e/xc3s100e/ClockBuffers.xml
Loading package from /home/yzy/core/ise/14.7/ISE_DS/PlanAhead/data/parts/xilinx/spartan3e/spartan3e/xc3s100e/cp132/Package.xml
Loading io standards from /home/yzy/core/ise/14.7/ISE_DS/PlanAhead/data/./parts/xilinx/spartan3e/IOStandards.xml
INFO: [Device 21-19] Loading pkg sso from /home/yzy/core/ise/14.7/ISE_DS/PlanAhead/data/parts/xilinx/spartan3e/spartan3e/xc3s100e/cp132/SSORules.xml
Loading list of drcs for the architecture : /home/yzy/core/ise/14.7/ISE_DS/PlanAhead/data/./parts/xilinx/spartan3e/spartan3e/drc.xml
INFO: [Timing 38-77] Reading timing library /home/yzy/core/ise/14.7/ISE_DS/PlanAhead/data/parts/xilinx/spartan3e/spartan3e/spartan3e-4.lib.
INFO: [Timing 38-34] Done reading timing library /home/yzy/core/ise/14.7/ISE_DS/PlanAhead/data/parts/xilinx/spartan3e/spartan3e/spartan3e-4.lib.
Parsing UCF File [/home/yzy/code/ElectronicTestingandExperimentalTechnology/E8/Experiment/led/led.ucf]
Finished Parsing UCF File [/home/yzy/code/ElectronicTestingandExperimentalTechnology/E8/Experiment/led/led.ucf]
INFO: [Project 1-111] Unisim Transformation Summary:
No Unisim elements were transformed.

Phase 0 | Netlist Checksum: 2d122138
