#-----------------------------------------------------------
# PlanAhead v14.7 (64-bit)
# Build 321239 by xbuild on Fri Sep 27 19:24:36 MDT 2013
# Start of session at: Thu May 21 19:52:04 2026
# Process ID: 309277
# Log file: /home/yzy/code/ElectronicTestingandExperimentalTechnology/E8/Experiment/led/planAhead_run_2/planAhead.log
# Journal file: /home/yzy/code/ElectronicTestingandExperimentalTechnology/E8/Experiment/led/planAhead_run_2/planAhead.jou
#-----------------------------------------------------------
INFO: [Common 17-78] Attempting to get a license: PlanAhead
INFO: [Common 17-290] Got license for PlanAhead
INFO: [Common 17-86] Your PlanAhead license expires in -475 day(s)
INFO: [Device 21-36] Loading parts and site information from /home/yzy/core/ise/14.7/ISE_DS/PlanAhead/data/parts/arch.xml
Parsing RTL primitives file [/home/yzy/core/ise/14.7/ISE_DS/PlanAhead/data/parts/xilinx/rtl/prims/rtl_prims.xml]
Finished parsing RTL primitives file [/home/yzy/core/ise/14.7/ISE_DS/PlanAhead/data/parts/xilinx/rtl/prims/rtl_prims.xml]
start_gui
source /home/yzy/code/ElectronicTestingandExperimentalTechnology/E8/Experiment/led/pa.fromNetlist.tcl
# create_project -name led -dir "/home/yzy/code/ElectronicTestingandExperimentalTechnology/E8/Experiment/led/planAhead_run_2" -part xc3s100ecp132-4
ERROR: [Common 17-53] User Exception: Project already exists on disk, please use '-force' option to overwrite: 
     /home/yzy/code/ElectronicTestingandExperimentalTechnology/E8/Experiment/led/planAhead_run_2/led.ppr
     /home/yzy/code/ElectronicTestingandExperimentalTechnology/E8/Experiment/led/planAhead_run_2/led.data

    while executing
"create_project -name led -dir "/home/yzy/code/ElectronicTestingandExperimentalTechnology/E8/Experiment/led/planAhead_run_2" -part xc3s100ecp132-4"
    (file "/home/yzy/code/ElectronicTestingandExperimentalTechnology/E8/Experiment/led/pa.fromNetlist.tcl" line 4)
exit
INFO: [Common 17-206] Exiting PlanAhead at Thu May 21 19:52:22 2026...
INFO: [Common 17-83] Releasing license: PlanAhead
